Compilation complete. assets/css/index.css created.
